Archive member included because of file (symbol)

../bwlib\libavi.a(aviEncoder.o)
                              ./Debug/video_video_record.c.o (aviEncodeInit)
../bwlib\libavi.a(encoder_std.o)
                              ../bwlib\libavi.a(aviEncoder.o) (avi_encoder_std)
../bwlib\libavi.a(encoder_odml.o)
                              ../bwlib\libavi.a(aviEncoder.o) (avi_odmlAddoffset)
../bwlib\libfs.a(fs.o)        ./Debug/task_deamon.c.o (fs_nodeinit)
../bwlib\libfs.a(diskio.o)    ./Debug/main.c.o (fs_init)
../bwlib\libfs.a(link_ext.o)  ./Debug/task_image_encode.c.o (f_unlink_ext_service)
../bwlib\libfs.a(ff.o)        ../bwlib\libfs.a(fs.o) (clst2sect)
../bwlib\libfs.a(ffunicode.o)
                              ../bwlib\libfs.a(ff.o) (ff_uni2oem)
../bwlib\libsd.a(ax32xx_sd.o)
                              ./Debug/src_hal_sd.c.o (ax32xx_sd0Init)
C:/MinGW-4.7.1/or1k-elf/lib/no-delay\libc.a(lib_a-memcmp.o)
                              ../bwlib\libfs.a(ff.o) (memcmp)
C:/MinGW-4.7.1/or1k-elf/lib/no-delay\libc.a(lib_a-memcpy.o)
                              ./Debug/resource_manager.c.o (memcpy)
C:/MinGW-4.7.1/or1k-elf/lib/no-delay\libc.a(lib_a-memset.o)
                              ./Debug/main.c.o (memset)
C:/MinGW-4.7.1/or1k-elf/lib/no-delay\libc.a(lib_a-strcat.o)
                              ./Debug/resource_manager.c.o (strcat)
C:/MinGW-4.7.1/or1k-elf/lib/no-delay\libc.a(lib_a-strchr.o)
                              ../bwlib\libfs.a(ff.o) (strchr)
C:/MinGW-4.7.1/or1k-elf/lib/no-delay\libc.a(lib_a-strcmp.o)
                              ./Debug/resource_manager.c.o (strcmp)
C:/MinGW-4.7.1/or1k-elf/lib/no-delay\libc.a(lib_a-strcpy.o)
                              ./Debug/resource_manager.c.o (strcpy)
C:/MinGW-4.7.1/or1k-elf/lib/no-delay\libc.a(lib_a-strlen.o)
                              ./Debug/resource_manager.c.o (strlen)
C:/MinGW-4.7.1/or1k-elf/lib/no-delay\libc.a(lib_a-strncmp.o)
                              ./Debug/resource_manager.c.o (strncmp)
C:/MinGW-4.7.1/lib/gcc/or1k-elf/4.9.1/no-delay\libgcc.a(_udivdi3.o)
                              ../bwlib\libfs.a(ff.o) (__udivdi3)
C:/MinGW-4.7.1/lib/gcc/or1k-elf/4.9.1/no-delay\libgcc.a(__udivsi3.o)
                              C:/MinGW-4.7.1/lib/gcc/or1k-elf/4.9.1/no-delay\libgcc.a(_udivdi3.o) (__udivsi3)
C:/MinGW-4.7.1/lib/gcc/or1k-elf/4.9.1/no-delay\libgcc.a(__umodsi3.o)
                              C:/MinGW-4.7.1/lib/gcc/or1k-elf/4.9.1/no-delay\libgcc.a(_udivdi3.o) (__umodsi3)
C:/MinGW-4.7.1/lib/gcc/or1k-elf/4.9.1/no-delay\libgcc.a(_clz.o)
                              C:/MinGW-4.7.1/lib/gcc/or1k-elf/4.9.1/no-delay\libgcc.a(_udivdi3.o) (__clz_tab)

Allocating common symbols
Common symbol       size              file

fp_jpegdc_ldone_hal
                    0x4               ./Debug/mjpeg_ax32xx_mjpeg.c.o
fp_tmnow            0x4               ../bwlib\libfs.a(diskio.o)
fp_storage_wr       0x4               ../bwlib\libfs.a(diskio.o)
fp11_epout_isr_hal  0x4               ./Debug/main.c.o
jpegCache           0x4               ./Debug/multimedia_user_media.c.o
fp_stat_isr         0x4               ./Debug/isp_hal_isp.c.o
fp_ae_isr           0x4               ./Debug/isp_hal_isp.c.o
usb_varm            0x1c              ./Debug/main.c.o
WAV_TYPE_E          0x4               ./Debug/main.c.o
fp_uvc_off_hal      0x4               ./Debug/dusb_hal_usb_dev_enum.c.o
SysCtrl             0x64              ./Debug/main.c.o
audsIStack          0xc               ./Debug/multimedia_user_media.c.o
jpegBStack          0x8               ./Debug/multimedia_user_media.c.o
fp_epout_isr_hal    0x4               ./Debug/main.c.o
tempFileName2       0x1c              ./Debug/task_video_record.c.o
audioCache          0x4               ./Debug/multimedia_user_media.c.o
fp11_host_connect_hal
                    0x4               ./Debug/src_ax32xx_usb.c.o
fp_uvc_on_hal       0x4               ./Debug/dusb_hal_usb_dev_enum.c.o
pcm_buf             0x4               ./Debug/src_hal_auadc.c.o
mediaVideoCtrlB     0x94              ./Debug/main.c.o
uac_onflg           0x1               ./Debug/dusb_hal_usb_dev_enum.c.o
aviIdx1CacheB       0x4               ./Debug/multimedia_user_media.c.o
scsi                0x18              ./Debug/dusb_hal_usb_msc.c.o
uart_buff_len       0x4               ./Debug/image_image_encode.c.o
tempFileName1       0x1c              ./Debug/task_video_record.c.o
usb_rqu             0x8               ./Debug/dusb_hal_usb_dev_enum.c.o
fp_disk_rd          0x4               ./Debug/dusb_hal_usb_msc.c.o
sofcnt              0x2               ./Debug/src_ax32xx_usb.c.o
ispstat             0x8c0             ./Debug/src_ax32xx_isp.c.o
pack_len            0x1               ./Debug/image_image_encode.c.o
fp_sensor_exposure  0x4               ./Debug/isp_hal_isp.c.o
UacSampFreq         0x3               ./Debug/dusb_hal_usb_uac.c.o
[...]
Memory Configuration

Name             Origin             Length             Attributes
boot             0x01fffc00         0x00000200
ram_boot         0x00000000         0x00005000
ram_user         0x00000000         0x00005000
usbfifo          0x00008000         0x00001000
sdram            0x02000000         0x00200000
exsdram          0x00000000         0x00800000
*default*        0x00000000         0xffffffff

Linker script and memory map

LOAD ./Debug/ax32xx_reset.S.o
LOAD ./Debug/ax32xx_spi_boot_cfg.S.o
LOAD ./Debug/ax32xx_BLDRX32.S.o
LOAD ./Debug/main.c.o
LOAD ./Debug/resource_manager.c.o
LOAD ./Debug/task_audio_playback.c.o
LOAD ./Debug/task_audio_record.c.o
LOAD ./Debug/task_deamon.c.o
LOAD ./Debug/task_image_encode.c.o
LOAD ./Debug/task_main.c.o
LOAD ./Debug/task_usb.c.o
LOAD ./Debug/task_video_playback.c.o
LOAD ./Debug/task_video_record.c.o
LOAD ./Debug/upgrade.c.o
LOAD ./Debug/board.c.o
LOAD ./Debug/board_bwv1.c.o
LOAD ./Debug/config.c.o
LOAD ./Debug/explorer.c.o
LOAD ./Debug/filelist.c.o
LOAD ./Debug/task_usb_host.c.o
LOAD ./Debug/xos_x_cpu.c.o
LOAD ./Debug/xos_xmbox.c.o
LOAD ./Debug/xos_xmsgq.c.o
LOAD ./Debug/xos_xos.c.o
LOAD ./Debug/xos_xwork.c.o
LOAD ./Debug/multimedia_user_media.c.o
LOAD ./Debug/src_ax32xx_int.c.o
LOAD ./Debug/src_ax32xx_sys.c.o
LOAD ./Debug/src_ax32xx_dma.c.o
LOAD ./Debug/src_ax32xx_wdt.c.o
LOAD ./Debug/src_ax32xx_gpio.c.o
LOAD ./Debug/src_ax32xx_uart.c.o
LOAD ./Debug/src_ax32xx_timer.c.o
LOAD ./Debug/src_ax32xx_tminf.c.o
LOAD ./Debug/src_ax32xx_spi.c.o
LOAD ./Debug/src_ax32xx_rtc.c.o
LOAD ./Debug/src_ax32xx_md.c.o
LOAD ./Debug/src_ax32xx_iic.c.o
LOAD ./Debug/src_ax32xx_dac.c.o
LOAD ./Debug/src_ax32xx_adc.c.o
LOAD ./Debug/src_ax32xx_auadc.c.o
LOAD ./Debug/src_ax32xx_isp.c.o
LOAD ./Debug/src_jpeg_table.c.o
LOAD ./Debug/src_isp_tab.c.o
LOAD ./Debug/src_ax32xx_usb.c.o
LOAD ./Debug/src_ax32xx_misc.c.o
LOAD ./Debug/src_ax32xx_pip.c.o
LOAD ./Debug/src_ax32xx_btuart.c.o
LOAD ./Debug/src_ax32xx_crc.c.o
LOAD ./Debug/src_ax32xx_emi.c.o
LOAD ./Debug/src_ax32xx_rotate.c.o
LOAD ./Debug/src_ax32xx_osdcmp.c.o
LOAD ./Debug/osd_ax32xx_osd.c.o
LOAD ./Debug/csi_ax32xx_csi.c.o
LOAD ./Debug/lcd_ax32xx_lcd.c.o
LOAD ./Debug/mjpeg_ax32xx_mjpeg.c.o
LOAD ./Debug/src_hal_adc.c.o
LOAD ./Debug/src_hal_csi.c.o
LOAD ./Debug/src_hal_dac.c.o
LOAD ./Debug/src_hal_eeprom.c.o
LOAD ./Debug/src_hal_gpio.c.o
LOAD ./Debug/src_hal_iic.c.o
LOAD ./Debug/src_hal_lcd.c.o
LOAD ./Debug/src_hal_md.c.o
LOAD ./Debug/src_hal_osd.c.o
LOAD ./Debug/src_hal_rtc.c.o
LOAD ./Debug/src_hal_sd.c.o
LOAD ./Debug/src_hal_spi.c.o
LOAD ./Debug/src_hal_timer.c.o
LOAD ./Debug/src_hal_uart.c.o
LOAD ./Debug/src_hal_watermark.c.o
LOAD ./Debug/src_hal_sys.c.o
LOAD ./Debug/src_hal_auadc.c.o
LOAD ./Debug/src_hal_mjpeg.c.o
LOAD ./Debug/src_hal_int.c.o
LOAD ./Debug/src_hal_wdt.c.o
LOAD ./Debug/src_hal_stream.c.o
LOAD ./Debug/src_hal_emi.c.o
LOAD ./Debug/src_hal_mjpegB.c.o
LOAD ./Debug/src_hal_osdcmp.c.o
LOAD ./Debug/src_hal_rotate.c.o
LOAD ./Debug/src_hal_lcdframe.c.o
LOAD ./Debug/isp_hal_isp.c.o
LOAD ./Debug/dusb_hal_usb_api.c.o
LOAD ./Debug/dusb_hal_usb_dev_enum.c.o
LOAD ./Debug/dusb_hal_usb_msc.c.o
LOAD ./Debug/dusb_hal_usb_uac.c.o
LOAD ./Debug/dusb_hal_usb_uvc.c.o
LOAD ./Debug/husb_hal_usb_host_api.c.o
LOAD ./Debug/husb_hal_usb_host_enum.c.o
LOAD ./Debug/husb_hal_usb_host_tpbulk.c.o
LOAD ./Debug/husb_hal_usb_host_uvc.c.o
LOAD ./Debug/husb_hal_usensor.c.o
LOAD ./Debug/audio_audio_playback.c.o
LOAD ./Debug/audio_audio_record.c.o
LOAD ./Debug/audio_ring_buffer.c.o
LOAD ./Debug/video_video_playback.c.o
LOAD ./Debug/video_video_record.c.o
LOAD ./Debug/video_video_record_B.c.o
LOAD ./Debug/image_image_decode.c.o
LOAD ./Debug/image_image_encode.c.o
LOAD ./Debug/wav_alaw.c.o
LOAD ./Debug/wav_imaadpcm.c.o
LOAD ./Debug/wav_pcm.c.o
LOAD ./Debug/wav_ulaw.c.o
LOAD ./Debug/wav_wav.c.o
LOAD ./Debug/stream_stream.c.o
LOAD ./Debug/uartcom_uartcom.c.o
LOAD ./Debug/uartcom_uartCrc.c.o
LOAD ./Debug/gsensor_G_gma301.c.o
LOAD ./Debug/gsensor_gsensor.c.o
LOAD ./Debug/gsensor_G_sc7a30e.c.o
LOAD ./Debug/gsensor_g_da380.c.o
LOAD ./Debug/cmos_sensor_cmos_sensor.c.o
LOAD ./Debug/cmos_sensor_SENSOR_BF3a03.c.o
LOAD ./Debug/cmos_sensor_SENSOR_BF2013.c.o
LOAD ./Debug/cmos_sensor_SENSOR_BF3016.c.o
LOAD ./Debug/cmos_sensor_SENSOR_BF3703.c.o
LOAD ./Debug/cmos_sensor_SENSOR_GC0307.c.o
LOAD ./Debug/cmos_sensor_SENSOR_GC0308.c.o
LOAD ./Debug/cmos_sensor_SENSOR_GC0309.c.o
LOAD ./Debug/cmos_sensor_SENSOR_GC0328.c.o
LOAD ./Debug/cmos_sensor_SENSOR_GC1004.c.o
LOAD ./Debug/cmos_sensor_SENSOR_H42.c.o
LOAD ./Debug/cmos_sensor_SENSOR_H7640.c.o
LOAD ./Debug/cmos_sensor_SENSOR_HM1055.c.o
LOAD ./Debug/cmos_sensor_SENSOR_IT03A1.c.o
LOAD ./Debug/cmos_sensor_SENSOR_NT99141.c.o
LOAD ./Debug/cmos_sensor_SENSOR_NT99142.c.o
LOAD ./Debug/cmos_sensor_SENSOR_OV7670.c.o
LOAD ./Debug/cmos_sensor_SENSOR_OV7725.c.o
LOAD ./Debug/cmos_sensor_SENSOR_OV9710.c.o
LOAD ./Debug/cmos_sensor_SENSOR_OV9732.c.o
LOAD ./Debug/cmos_sensor_SENSOR_SC1045.c.o
LOAD ./Debug/cmos_sensor_SENSOR_SIV100B.c.o
LOAD ./Debug/cmos_sensor_SENSOR_SIV120B.c.o
LOAD ./Debug/cmos_sensor_SENSOR_SIV121DS.c.o
LOAD ./Debug/cmos_sensor_SENSOR_SP1409.c.o
LOAD ./Debug/cmos_sensor_SENSOR_H62.c.o
LOAD ./Debug/cmos_sensor_SENSOR_GC1034.c.o
LOAD ./Debug/cmos_sensor_SENSOR_OV7736.c.o
LOAD ./Debug/cmos_sensor_SENSOR_SP140A.c.o
LOAD ./Debug/cmos_sensor_SENSOR_GC1054.c.o
LOAD ./Debug/cmos_sensor_SENSOR_GC1064.c.o
LOAD ./Debug/cmos_sensor_SENSOR_H65.c.o
LOAD ./Debug/cmos_sensor_SENSOR_SC1243.c.o
LOAD ./Debug/cmos_sensor_SNESOR_FPX1002.c.o
LOAD ./Debug/cmos_sensor_SENSOR_H63P.c.o
LOAD ./Debug/cmos_sensor_SENSOR_BF20A6.c.o
LOAD ./Debug/tft_lcd_lcd_mcu_st7789.c.o
LOAD ./Debug/tft_lcd_lcd_rgb_jl_lcd.c.o
LOAD ./Debug/tft_lcd_lcd_rgb_st7282.c.o
LOAD ./Debug/tft_lcd_tft_lcd.c.o
LOAD ./Debug/tft_lcd_lcd_mcu_5420.c.o
LOAD ./Debug/tft_lcd_lcd_mcu_r61509v.c.o
LOAD ./Debug/tft_lcd_lcd_rgb_ili8961.c.o
LOAD ./Debug/tft_lcd_lcd_rgb_ili9342c.c.o
LOAD ./Debug/tft_lcd_lcd_mcu_ili9328.c.o
LOAD ./Debug/tft_lcd_lcd_mcu_hx8352b.c.o
LOAD ./Debug/tft_lcd_lcd_mcu_st7789v.c.o
LOAD ./Debug/tft_lcd_lcd_mcu_hx8352c.c.o
LOAD ./Debug/tft_lcd_lcd_mcu_hx8357b.c.o
LOAD ./Debug/tft_lcd_lcd_rgb_ili9806e.c.o
LOAD ./Debug/tft_lcd_lcd_rgb_ota5182.c.o
LOAD ./Debug/tft_lcd_lcd_rgb_st7701.c.o
LOAD ./Debug/tft_lcd_lcd_mcu_lgdp4532.c.o
LOAD ./Debug/tft_lcd_lcd_mcu_9225G.c.o
LOAD ./Debug/usensor_237a_1.c.o
LOAD ./Debug/usensor_usensor.c.o
LOAD ./Debug/usensor_237a_2.c.o
LOAD ./Debug/nvfs_nvfs.c.o
LOAD ./Debug/res_ascii.c.o
LOAD ./Debug/res_ascii_default.c.o
LOAD ./Debug/res_ascii_default_draw.c.o
LOAD ./Debug/res_ascii_num2.c.o
LOAD ./Debug/res_ascii_num2_draw.c.o
LOAD ./Debug/res_ascii_num3.c.o
LOAD ./Debug/res_ascii_num3_draw.c.o
LOAD ./Debug/res_ascii_num4.c.o
LOAD ./Debug/res_ascii_num4_draw.c.o
LOAD ./Debug/res_R.c.o
LOAD ../bwlib\libavi.a
LOAD ../bwlib\libfs.a
LOAD ../bwlib\libsd.a
LOAD C:/MinGW-4.7.1/or1k-elf/lib/no-delay\libc.a
LOAD C:/MinGW-4.7.1/lib/gcc/or1k-elf/4.9.1/no-delay\libgcc.a

.bootsec        0x01fffc00      0x200 load address 0x00000000
 *(.bootsec)
 .bootsec       0x01fffc00      0x200 ./Debug/ax32xx_BLDRX32.S.o
                0x01fffc10                hex
                0x01fffc10                .hex
                0x01fffd8c                .bootsect

.exception      0x00000000     0x257c load address 0x00000200
                0x00000000                _exception_vma = .
 *(.vector)
 .vector        0x00000000      0x3f0 ./Debug/ax32xx_reset.S.o
                0x00000320                _start
                0x0000035c                _step_in
                0x000003a0                _step_out
 *(.vector.text)
 .vector.text   0x000003f0     0x1d88 ./Debug/src_ax32xx_int.c.o
                0x00000534                exception_uart_puts
                0x00000548                memcpy_flash2psram
                0x000005a0                flash_to_psram
                0x000006a0                exception_init
                0x0000076c                ax32xx_vddrtcCalculate
                0x00000798                my_memset
                0x000007c8                delay
                0x000007f0                my_putchar
                0x00000804                myputs
                0x0000082c                my_putword
                0x00000840                dllcon_init
                0x000009ec                sdram_init
                0x00000ae8                adcRead
                0x00000b40                adcConverStart
                0x00000b64                adcSetBaudrate
                0x00000b94                sysClkSet
                0x00000bf0                adcEnable
                0x00000c58                adcGetChannel
                0x00000c90                sdram_tuning_check_2
                0x00000e10                _sdr_tuning2_conifg_set
                0x00000e30                check_if_xosc_exist
                0x00000f04                init_sys_clk
                0x00001344                ax32xx_WriteByte
                0x00001394                ax32xx_DataWrite
                0x0000141c                ax32xx_WKOEnable2
                0x00001478                sdram_clock_tune
                0x00001ec4                exception
                0x0000215c                exception_trigger
 *(.vector.data)
 .vector.data   0x00002178      0x100 ./Debug/ax32xx_reset.S.o
                0x00002178                _step_data
 .vector.data   0x00002278      0x304 ./Debug/src_ax32xx_int.c.o
                0x00002278                tune_values
                0x000023f8                tune_by
                0x00002404                tune_tab_2_dll
                0x00002414                tune_tab_1_dll
                0x00002424                tune_tab_2_clk
                0x00002444                tune_tab_1_clk
                0x00002464                tuning_test_addr
                0x000024e4                tuning_test_data
                0x00002564                SDRTUN2_CON
                0x00002568                sdr_tune_source
                0x0000256c                chip_vision

.ram            0x00002580     0x28e0 load address 0x00002780
                0x00002580                __sram_start = .
 *(.msk_var_use)
 *(.sdc_buf)
 .sdc_buf       0x00002580       0x40 ../bwlib\libsd.a(ax32xx_sd.o)
 *(.sram_comm)
 .sram_comm     0x000025c0       0x60 ./Debug/xos_xmsgq.c.o
 .sram_comm     0x00002620      0x280 ./Debug/src_ax32xx_isp.c.o
                0x00002620                csi_stat
 .sram_comm     0x000028a0     0x25c0 ./Debug/src_hal_sys.c.o
                0x000028a0                ramuse
                0x00004e60                __sram_end = .

.fifo           0x00008000      0xce0
                0x00008000                __ufifo_start = .
 *(.sram_Usbfifo)
 .sram_Usbfifo  0x00008000      0xce0 ./Debug/src_hal_sys.c.o
                0x00008000                usbfifo
                0x00008ce0                __ufifo_end = .

.text           0x02000000    0x4e418 load address 0x00002800
                0x02000000                _text_start = .
 *(.text*)
 .text          0x02000000        0x0 ./Debug/ax32xx_reset.S.o
 .text          0x02000000        0x0 ./Debug/ax32xx_spi_boot_cfg.S.o
 .text          0x02000000        0x0 ./Debug/ax32xx_BLDRX32.S.o
 .text          0x02000000      0x764 ./Debug/main.c.o
                0x02000000                uninit
                0x02000298                init
                0x02000680                systemEventService
 .text.startup  0x02000764      0x114 ./Debug/main.c.o
                0x02000764                main
 .text          0x02000878     0x1fb8 ./Debug/resource_manager.c.o
                0x020009b4                managerInit
                0x02000a2c                managerCreate
                0x02000b04                managerDestory
                0x02000b7c                managerFileCount
                0x02000c14                managerFileCountEx
                0x02000c80                managerLockFile
                0x02000cf8                managerLockFileExt
                0x02000da0                managerUnlockFileExt
                0x02000e4c                managerCheckLock
                0x02000e88                managerCheckLockExt
                0x02000f10                managerFlush
                0x02000f7c                managerDelFileByIndex
                0x0200108c                managerDelFileAll
                0x02001170                managerScanStart
                0x020011d8                managerScanEnd
                0x020012b4                explorerListHook
                0x020012cc                managerNameChange
                0x020014c4                managerSpaceCheck
                0x0200197c                manangerCheckFileType
                0x02001bc0                managerAddFile
                0x02001cb0                managerAddFileEx
                0x02001d10                managerRenameExt
                0x02001db0                managerRename
                0x02001e70                managerUnlockFile
                0x02001f30                managerDelFileByName
                0x0200208c                managerDelFileByFullName
                0x0200220c                managerFileNameCreater
                0x02002420                managerFileScan
                0x02002608                manangerGetFileFullPathName
                0x020026bc                manangerGetFileName
                0x02002754                manangerFindFileAndDel
 .text          0x02002830      0x248 ./Debug/task_audio_playback.c.o
                0x0200292c                task_audio_playback
 .text          0x02002a78      0x4e0 ./Debug/task_audio_record.c.o
                0x02002a78                audio_record_callback
                0x02002c00                task_audio_record
 .text          0x02002f58      0xf20 ./Debug/task_deamon.c.o
                0x02002f58                deamon_key_check
                0x02002fe4                deamon_fs_scan
                0x02003274                deamon_astern_check
                0x02003390                reflush_usensor_check
                0x020033f4                setSoftwareDetachUsensor
                0x02003414                deamon_usb_check
                0x020035c4                deamon_gsensor_check
                0x020035d8                deamon_led_check
                0x020038b8                deamon_screen_save
                0x020038d0                deamon_auto_poweroff
                0x020039dc                deamon_event_handler
                0x02003a78                deamon_keysound_play
                0x02003a90                deamon_fsFreeSize
                0x02003b38                deamon_sdc_check
                0x02003d4c                task_deamon
                0x02003de4                deamon_fsSizeModify
 .text          0x02003e78      0x534 ./Debug/task_image_encode.c.o
                0x02003e78                task_image_set_take_flag
                0x02003e98                task_image_get_take_flag
                0x02003eb8                task_image_createfile
                0x02003ff0                task_image_encode
 .text          0x020043ac      0x204 ./Debug/task_main.c.o
                0x020043ac                task_set_state
                0x020043d8                task_main
                0x020044d0                task_get_state
                0x02004514                task_get_curstate
                0x02004534                task_change_state
 .text          0x020045b0      0x10c ./Debug/task_usb.c.o
                0x020045b0                task_usb
 .text          0x020046bc       0x28 ./Debug/task_video_playback.c.o
                0x020046bc                video_playback_start
                0x020046d0                task_video_playback
 .text          0x020046e4      0xe10 ./Debug/task_video_record.c.o
                0x0200477c                task_video_record_caltime
                0x020047e4                video_record_callback
                0x0200507c                task_video_record
 .text          0x020054f4      0x324 ./Debug/upgrade.c.o
                0x020054f4                upgrade
 .text          0x02005818      0x378 ./Debug/board.c.o
                0x02005818                boardInit
                0x020059a8                boardOpen
                0x02005a4c                boardIoctrl
                0x02005ad4                boardNameIoctrl
 .text          0x02005b90      0x758 ./Debug/board_bwv1.c.o
 .text          0x020062e8      0x274 ./Debug/config.c.o
                0x020062e8                configCheckSumCal
                0x0200632c                userConfigSave
                0x020063b0                userConfigReset
                0x02006404                userConfigInitial
                0x020064e0                configSet
                0x0200651c                configGet
 .text          0x0200655c        0x0 ./Debug/explorer.c.o
 .text          0x0200655c      0xe38 ./Debug/filelist.c.o
 .text          0x02007394       0x18 ./Debug/task_usb_host.c.o
                0x02007394                task_usb_host
 .text          0x020073ac        0x0 ./Debug/xos_x_cpu.c.o
 .text          0x020073ac      0x1b0 ./Debug/xos_xmbox.c.o
                0x020073ac                XMboxInit
                0x020073ec                XMboxCreate
                0x02007474                XMboxDestory
                0x020074ac                XMboxPost
                0x02007500                XMboxPend
 .text          0x0200755c      0x2e4 ./Debug/xos_xmsgq.c.o
                0x0200755c                XMsgQInit
                0x0200759c                XMsgQCreate
                0x0200762c                XMsgQDestory
                0x02007664                XMsgQFlush
                0x020076a4                XMsgQPost
                0x0200771c                XMsgQPostFront
                0x02007798                XMsgQPend
                0x02007828                XMsgQCheck
 .text          0x02007840      0x12c ./Debug/xos_xos.c.o
                0x02007840                XOSInit
                0x02007880                XOSTickService
                0x020078f0                XOSTimeGet
                0x02007910                XOSTimeDly
                0x0200794c                XOSRandom
 .text          0x0200796c      0x168 ./Debug/xos_xwork.c.o
                0x0200796c                XWorkInit
                0x020079ac                XWorkCreate
                0x02007a38                XWorkDestory
                0x02007a68                XWorkService
 .text          0x02007ad4        0x0 ./Debug/multimedia_user_media.c.o
 .text          0x02007ad4      0x364 ./Debug/src_ax32xx_int.c.o
                0x02007ad4                ax32xx_intHandler
                0x02007ae8                fast_isr
                0x02007ba4                slow_isr
                0x02007c64                ax32xx_intEnable
                0x02007cac                ax32xx_int_priority
                0x02007cf4                ax32xx_intInit
 .text          0x02007e38      0xa14 ./Debug/src_ax32xx_sys.c.o
                0x02007e38                ax32xx_sysCpuMsDelay
                0x02007e74                ax32xx_sysCpuNopDelay
                0x02007e9c                ax32xx_sysDcacheInit
                0x02007ee0                ax32xx_sysIcacheInit
                0x02007f24                ax32xx_sysDcacheWback
                0x02007fa0                ax32xx_sysDcacheFlush
                0x0200801c                ax32xx_sysDcacheInvalid
                0x02008098                ax32xx_sysSRAMClear
                0x020080ec                ax32xx_sysBSSClear
                0x02008150                ax32xx_sysLDOSet
                0x02008334                ax32xx_sysClkSet
                0x02008390                ax32xx_sysReset
                0x020083d0                ax32xx_sys_dma_memdown
                0x02008434                ax32xx_sys_dma_memkick
                0x020084f8                ax32xx_mcpy_gram2ufifo
                0x02008558                ax32xx_mcpy1_sdram2gram
                0x020085fc                ax32xx_sysInit
                0x0200878c                ax32xx_sysUninit
 .text          0x0200884c      0x298 ./Debug/src_ax32xx_dma.c.o
                0x0200884c                ax32xx_dmaNocCfg
                0x02008a74                ax32xx_dmaNocDefault
                0x02008a9c                ax32xx_dmaChannelEnable
 .text          0x02008ae4       0x98 ./Debug/src_ax32xx_wdt.c.o
                0x02008ae4                ax32xx_wdtEnable
                0x02008b18                ax32xx_wdtTimeSet
                0x02008b2c                ax32xx_wdtClear
                0x02008b60                ax32xx_wdtReset
 .text          0x02008b7c      0xb08 ./Debug/src_ax32xx_gpio.c.o
                0x02008b7c                ax32xx_gpioSFRSet
                0x02008dc0                ax32xx_gpioDirSet
                0x02008e64                ax32xx_gpioPullSet
                0x02008f30                ax32xx_gpioDrvSet
                0x02008fc0                ax32xx_gpioDataSet
                0x0200904c                ax32xx_gpioDataGrounpSet
                0x020090c8                ax32xx_gpioDataGet
                0x0200914c                ax32xx_gpioMapSet
                0x020091dc                ax32xx_gpioDigitalSet
                0x0200926c                ax32xx_gpioHystersisSet
                0x020092fc                ax32xx_gpioLedPull
                0x020093c8                ax32xx_gpioLedInit
                0x02009458                ax32xx_gpioINTCheck
                0x02009490                ax32xx_gpioINTClear
                0x020094b8                ax32xx_gpioINTInit
                0x020095e8                ax32xx_gpioIRQHandler
 .text          0x02009684      0x408 ./Debug/src_ax32xx_uart.c.o
                0x02009790                ax32xx_uart0IRQHandler
                0x020097e0                ax32xx_uart0IOCfg
                0x02009874                ax32xx_uart0Init
                0x020098e8                ax32xx_uart0SendByte
                0x02009928                ax32xx_uart1IRQHandler
                0x02009984                ax32xx_uart1IOCfg
                0x020099d4                ax32xx_uart1Init
                0x02009a5c                ax32xx_uart1SendByte
 .text          0x02009a8c      0x4c0 ./Debug/src_ax32xx_timer.c.o
                0x02009a8c                ax32xx_timer0IRQHandler
                0x02009ad0                ax32xx_timer1IRQHandler
                0x02009b14                ax32xx_timer2IRQHandler
                0x02009b58                ax32xx_timer3IRQHandler
                0x02009b9c                ax32xx_timerISRRegister
                0x02009be0                ax32xx_timerStart
                0x02009cdc                ax32xx_timerStop
                0x02009dac                ax32xx_timerEnable
                0x02009e38                ax32xx_timerDisable
                0x02009edc                ax32xx_timerTickStart
                0x02009f10                ax32xx_timerTickStop
                0x02009f30                ax32xx_timerTickCount
 .text          0x02009f4c      0x468 ./Debug/src_ax32xx_tminf.c.o
                0x02009f4c                ax32xx_mjpegATimeinfoEnable
                0x02009fb8                ax32xx_mjpegBTimeinfoEnable
                0x0200a024                ax32xx_mjpegATimeinfoColor
                0x0200a070                ax32xx_mjpegBTimeinfoColor
                0x0200a0cc                ax32xx_mjpegATimeinfoSize
                0x0200a128                ax32xx_mjpegBTimeinfoSize
                0x0200a1b0                ax32xx_mjpegATimeinfoPos
                0x0200a20c                ax32xx_mjpegBTimeinfoPos
                0x0200a294                ax32xx_mjpegATimeinfoAddr
                0x0200a2d8                ax32xx_mjpegBTimeinfoAddr
                0x0200a348                ax32xx_recfg_mjpb_tminf
 .text          0x0200a3b4      0x7f4 ./Debug/src_ax32xx_spi.c.o
                0x0200a3b4                ax32xx_spi0Init
                0x0200a5d4                ax32xx_spi0SendByte
                0x0200a628                ax32xx_spi0RecvByte
                0x0200a67c                ax32xx_spi0Send0
                0x0200a734                ax32xx_spi0Recv0
                0x0200a7ec                ax32xx_spi0CS0Config
                0x0200a830                spi1_pin_config
                0x0200a900                hal_spi1Init
                0x0200a978                spi1_send_byte
                0x0200a9e8                spi1_receive_byte
                0x0200aa30                spi1_recevie_dma
                0x0200aac8                spi1_send_dma
                0x0200ab64                spi1_enable
 .text          0x0200aba8      0xca4 ./Debug/src_ax32xx_rtc.c.o
                0x0200aba8                ax32xx_rtcWriteByte
                0x0200abf8                ax32xx_rtcReadByte
                0x0200ac5c                ax32xx_rtcRamRead
                0x0200acf8                ax32xx_rtcRamWrite
                0x0200ad94                ax32xx_rtcDataRead
                0x0200ae1c                ax32xx_rtcDataWrite
                0x0200aea4                ax32xx_rtcInit
                0x0200b07c                ax32xx_rtcIRQHandler
                0x0200b13c                ax32xx_rtcSencodEnable
                0x0200b1b8                ax32xx_rtcAlamEnable
                0x0200b2a0                ax32xx_rtcAlamSet
                0x0200b2e8                ax32xx_rtcGet
                0x0200b33c                ax32xx_rtcSet
                0x0200b384                ax32xx_WKOEnable
                0x0200b3e0                ax32xx_VDDGSENEnable
                0x0200b450                ax32xx_WKI0InputEnable
                0x0200b4c0                ax32xx_WKI1InputEnable
                0x0200b530                ax32xx_WKI1Read
                0x0200b554                ax32xx_WKI0Read
                0x0200b578                ax32xx_WKI1WakeupEnable
                0x0200b6e0                ax32xx_WKI1WakeupTriger
                0x0200b730                ax32xx_WKI1CleanPending
                0x0200b76c                ax32xx_rtcBatDecEnable
                0x0200b7dc                ax32xx_rtcSenHVEnable
 .text          0x0200b84c      0x118 ./Debug/src_ax32xx_md.c.o
                0x0200b84c                ax32xx_mdEnable
                0x0200b8b4                ax32xx_mdEnable_check
                0x0200b8d4                ax32xx_mdInit
                0x0200b91c                ax32xx_mdXPos
                0x0200b940                ax32xx_mdYPos
 .text          0x0200b964      0x8e0 ./Debug/src_ax32xx_iic.c.o
                0x0200ba1c                software_iic_sdaout
                0x0200ba50                software_iic_sdain
                0x0200ba84                software_iic_sda_set
                0x0200bab0                software_iic_scl_set
                0x0200badc                software_iic_sda_get
                0x0200bb04                software_iic_init
                0x0200bb34                software_iic_start
                0x0200bbac                software_iic_stop
                0x0200bc24                software_iic_wait_ack
                0x0200bcdc                ax32xx_iic0Init
                0x0200bd9c                ax32xx_iic0Uninit
                0x0200bde0                ax32xx_iic0Start
                0x0200bdfc                ax32xx_iic0Stop
                0x0200be3c                ax32xx_iic0RecvACK
                0x0200be64                ax32xx_iic0SendACK
                0x0200be88                ax32xx_iic0SendByte
                0x0200bed8                ax32xx_iic0RecvByte
                0x0200bf2c                ax32xx_iic1Init
                0x0200bfec                ax32xx_iic1Uninit
                0x0200c090                ax32xx_iic1Start
                0x0200c0ac                ax32xx_iic1Stop
                0x0200c10c                ax32xx_iic1RecvACK
                0x0200c134                ax32xx_iic1SendACK
                0x0200c158                ax32xx_iic1SendByte
                0x0200c1c8                ax32xx_iic1RecvByte
 .text          0x0200c244      0x66c ./Debug/src_ax32xx_dac.c.o
                0x0200c284                ax32xx_dacIRQHandler
                0x0200c358                ax32xx_dacSampleRateSet
                0x0200c3c8                ax32xx_dacEnable
                0x0200c44c                ax32xx_dacVolumeSet
                0x0200c4c4                ax32xx_dacBufferSet
                0x0200c4e4                ax32xx_dacBufferFlush
                0x0200c504                ax32xx_dacReset
                0x0200c528                ax32xx_dacStart
                0x0200c5a4                ax32xx_dacStop
                0x0200c5d4                ax32xx_dacISRRegister
                0x0200c5f4                ax32xx_dacHPSet
                0x0200c688                eq_coeff_init
                0x0200c6f8                eq_gain_init
                0x0200c768                ax32xx_dacInit
 .text          0x0200c8b0      0x114 ./Debug/src_ax32xx_adc.c.o
                0x0200c8b0                ax32xx_adcEnable
                0x0200c918                ax32xx_adcSetBaudrate
                0x0200c948                ax32xx_adcConverStart
                0x0200c96c                ax32xx_adcRead
 .text          0x0200c9c4      0x4d0 ./Debug/src_ax32xx_auadc.c.o
                0x0200c9c4                ax32xx_auadcIRQHandler
                0x0200ca54                ax32xx_auadcHalfIRQRegister
                0x0200ca74                ax32xx_auadcEndIRQRegister
                0x0200ca94                ax32xx_auadcEnable
                0x0200cb8c                ax32xx_auadcAGCEnable
                0x0200cc1c                ax32xx_auadcGainSet
                0x0200cc98                ax32xx_auadcBufferSet
                0x0200ccf8                ax32xx_auadcInit
                0x0200cd9c                ax32xx_auadcSetSampleSet
                0x0200ce80                agc_gain_mnt
 .text          0x0200ce94     0x13f4 ./Debug/src_ax32xx_isp.c.o
                0x0200ce94                ax32xx_ispModeSet
                0x0200ced0                isp_BLC_cfg
                0x0200cf24                isp_LSC_cfg
                0x0200cf5c                isp_DDC_cfg
                0x0200d0cc                isp_AWB_GAIN_adj
                0x0200d100                isp_whtpnt_stat_cfg
                0x0200d368                isp_CCM_cfg
                0x0200d420                isp_RGB_DGAIN_adj
                0x0200d4ac                isp_hist_stat_cfg
                0x0200d52c                isp_GAMMA_cfg
                0x0200d69c                isp_RGB_gam_cfg
                0x0200d820                isp_CH_cfg
                0x0200db7c                isp_VDE_cfg
                0x0200dc4c                isp_EE_cfg
                0x0200dec0                isp_CCF_cfg
                0x0200dff8                isp_SAJ_cfg
                0x0200e0f8                isp_kick_stat
                0x0200e128                isp_stat_en
                0x0200e16c                stat_cp_kick_st
                0x0200e190                stat_cp_done
                0x0200e1c0                isp_model_cfg
 .text          0x0200e288      0x298 ./Debug/src_jpeg_table.c.o
                0x0200e288                jpegA_table_init
                0x0200e404                ax32xx_mjpB_tab_init
 .text          0x0200e520        0x0 ./Debug/src_isp_tab.c.o
 .text          0x0200e520      0xcc0 ./Debug/src_ax32xx_usb.c.o
                0x0200e520                _usb_bulk_tx
                0x0200e65c                _usb_bulk_rx
                0x0200e768                _usb_iso_kick
                0x0200e858                _iso_wait_txdown
                0x0200e8c8                usb_iso_tx
                0x0200e9c8                usb_burst_reset
                0x0200ea14                usb_host_reset
                0x0200ea60                usb_phyreset_as_typeb
                0x0200eba4                usb_phyreset_as_typea
                0x0200ecf0                usb_insert
                0x0200ed04                usb_check_hal
                0x0200ed18                get_u32softcnt
                0x0200ed38                ax32xx_usbIRQHanlder
                0x0200ee2c                ax32xx_usbCallbackRegister
                0x0200ee68                ax32xx_usb_hostIRQHanlder
                0x0200ee7c                usb_device_check
                0x0200ef3c                ax32xx_usbPhyPllEnable
                0x0200efe4                usb11_registers_write
                0x0200eff8                usb11_registers_read
                0x0200f00c                usb_memcpy
                0x0200f020                usb_phyreset_as_typea11
                0x0200f034                usb11_host_reset
                0x0200f048                ax32xx_usb11_hostIRQHanlder
                0x0200f05c                usb20_host_check
                0x0200f124                usb11HostCheckNoWait
                0x0200f138                usb11_host_check
                0x0200f14c                usb20_phyreset_as_filter
 .text          0x0200f1e0      0x210 ./Debug/src_ax32xx_misc.c.o
                0x0200f1e0                str_seek
                0x0200f24c                dec_num2str
                0x0200f28c                char_2_hex
                0x0200f2e0                data_check
                0x0200f320                pointer_check
                0x0200f344                half_word_memcpy
                0x0200f37c                word_memcpy
                0x0200f3b4                word_reg_memcpy
 .text          0x0200f3f0        0x0 ./Debug/src_ax32xx_pip.c.o
 .text          0x0200f3f0        0x0 ./Debug/src_ax32xx_btuart.c.o
 .text          0x0200f3f0        0x0 ./Debug/src_ax32xx_crc.c.o
 .text          0x0200f3f0      0x26c ./Debug/src_ax32xx_emi.c.o
                0x0200f3f0                ax32xx_emiInit
                0x0200f52c                ax32xx_emiISRRegister
                0x0200f560                ax32xx_emiIRQHandler
                0x0200f5bc                ax32xx_emiKick
                0x0200f618                ax32xx_emiCheckBusy
                0x0200f638                ax32xx_emiCheckRXError
 .text          0x0200f65c        0x0 ./Debug/src_ax32xx_rotate.c.o
 .text          0x0200f65c        0x0 ./Debug/src_ax32xx_osdcmp.c.o
 .text          0x0200f65c        0x0 ./Debug/osd_ax32xx_osd.c.o
 .text          0x0200f65c      0xf54 ./Debug/csi_ax32xx_csi.c.o
                0x0200f65c                hal_csi_fcnt_get
                0x0200f68c                ax32xx_csiIRQHandler
                0x0200f908                ax32xx_csiISRRegiser
                0x0200f944                ax32xx_csiMJPEGFrameSet
                0x0200f9b4                ax32xx_csihv_tomjp_dma_cfg
                0x0200fa40                ax32xx_csi_only_FrameSet
                0x0200fa60                ax32xx_csiYUVFrameSet
                0x0200fa74                ax32xx_csiIOConfig
                0x0200facc                ax32xx_csiInit
                0x0200faf8                ax32xx_csiMclkSet
                0x0200fbbc                ax32xx_csiSyncSet
                0x0200fc20                ax32xx_csiPrioritySet
                0x0200fc64                ax32xx_csiTypeSet
                0x0200fcd0                ax32xx_csiModeSet
                0x0200fd0c                ax32xx_pclk_fir_Set
                0x0200fd74                ax32xx_pclk_analog_Set
                0x0200fdc4                ax32xx_pclk_inv_Set
                0x0200fe08                ax32xx_csi_clk_tun_Set
                0x0200fe50                ax32xx_csiSizeSet
                0x0200fe88                ax32xx_csiInputAddrSet
                0x0200fea0                ax32xx_csiTestModeSet
                0x0200ff08                ax32xx_csiDvpClkDivSet
                0x0200ff50                ax32xx_csiLCDFrameSet
                0x0200ff7c                ax32xx_csiLCDDmaEnable
                0x02010018                ax32xx_csiLCDDmaKick
                0x0201005c                ax32xx_csiLCDScaler
                0x02010230                ax32xx_csiScaler
                0x02010378                ax32xx_hvScaler
                0x020104bc                ax32xx_csiScalerCheck
                0x020104e4                ax32xx_csiOutputSet
                0x02010520                ax32xx_csiEnable
 .text          0x020105b0        0x0 ./Debug/lcd_ax32xx_lcd.c.o
 .text          0x020105b0     0x1904 ./Debug/mjpeg_ax32xx_mjpeg.c.o
                0x020105b0                ax32xx_mpegPrint
                0x020109e4                ax32xx_mjpB_reset
                0x02010a50                ax32xx_mjpegAIRQHandler
                0x02010aa4                ax32xx_mjpB_employ
                0x02010ad0                ax32xx_mjpB_dcdown_reg
                0x02010af0                ax32xx_mjB_as_dcode
                0x02010b1c                ax32xx_mjpegEA_ncodeISRRegister
                0x02010b3c                ax32xx_mjpegEB_ncodeISRRegister
                0x02010b5c                ax32xx_mjpegEA_ncodeISR
                0x02010b88                ax32xx_mjpegDecodeISRRegister
                0x02010ba8                ax32xx_mjpegEncodeBufferSet
                0x02010bf4                ax32xx_mjpegEncodeEnable
                0x02010cfc                ax32xx_mjpegEncodeSizeSet
                0x02010da4                ax32xx_mjpegEncodeQuilitySet
                0x02010dec                cal_jA_1s_size
                0x02010e1c                ax32xx_mjpegEncodeQadj
                0x02010ee4                ax32xx_mjpegEncodeInfoSet
                0x02010f2c                ax32xx_mjpegEncodeLoadAddrGet
                0x02010f48                ax32xx_mjpeg_inlinebuf_init
                0x02010f74                ax32xx_mjpegEncodeInit
                0x020111a4                ax32xx_mjpegDecodeScalerCal
                0x02011274                ax32xx_mjpegDecodeSetSize
                0x02011498                ax32xx_mjpegDecodeOutputSet
                0x020114b4                ax32xx_mjpegDecodeInputSet
                0x020114ec                ax32xx_mjpegDecodeDriSet
                0x02011504                ax32xx_mjpegDecodeCompressSet
                0x0201151c                ax32xx_mjpegDecodeInitTable
                0x02011560                ax32xx_mjpegDecodeInit
                0x02011764                ax32xx_mjpegDecodeDCTimeSet
                0x02011804                ax32xx_mjpegDecodeEnable
                0x02011864                ax32xx_mjpegDecodeStop
                0x020118a0                ax32xx_mjpegBIRQHandler
                0x0201199c                ax32xx_mjpegDecodeQDTCfg
                0x020119fc                ax32xx_mjpegDecodeStatus
                0x02011a30                ax32xx_mjpegDecodeCheck
                0x02011a60                ax32xx_mjpegDecodeODma1Cfg
                0x02011af4                ax32xx_mjpB_Ctl_init
                0x02011da8                ax32xx_mjpB_Linebuf_cfg
                0x02011dd4                ax32xx_mjpB_dma_cfg
                0x02011e00                ax32xx_mjpB_stop
                0x02011e68                ax32xx_mjpB_on
 .text          0x02011eb4      0x110 ./Debug/src_hal_adc.c.o
                0x02011eb4                hal_adcInit
                0x02011ef0                hal_adcRead
                0x02011f1c                hal_adcSetChannel
                0x02011f68                hal_adcGetChannel
                0x02011fa4                hal_adcVDDRTCCalculate
 .text          0x02011fc4       0xf0 ./Debug/src_hal_csi.c.o
                0x02011fc4                hal_csiMCLKSet
                0x02011fe4                hal_csiRegister
                0x02012018                hal_csiResolutionGet
                0x02012074                hal_csiAdptGet
                0x02012094                hal_csi_SeninitGet
 .text          0x020120b4      0x24c ./Debug/src_hal_dac.c.o
                0x020120fc                hal_dacInit
                0x02012154                hal_dacPlayStart
                0x02012200                hal_dacPlayStop
                0x0201222c                hal_dacSetVolume
                0x02012290                hal_dacSetBuffer
                0x020122b4                hal_dacCallBackRegister
                0x020122d8                hal_dacHPSet
 .text          0x02012300        0x0 ./Debug/src_hal_eeprom.c.o
 .text          0x02012300      0x24c ./Debug/src_hal_gpio.c.o
                0x02012300                hal_gpioInit
                0x020123a8                hal_gpioInit_io1d1
                0x02012450                hal_gpioEPullSet
                0x020124ac                hal_gpioWrite
                0x020124d4                hal_gpioRead
                0x020124f8                hal_gpioIntInit
                0x02012520                hal_gpioLedInit
 .text          0x0201254c      0xbd4 ./Debug/src_hal_iic.c.o
                0x0201254c                hal_iic0Init
                0x02012578                hal_iic0Uninit
                0x02012598                hal_iic08bitAddrWriteData
                0x02012634                hal_iic08bitAddrReadData
                0x020126ec                hal_iic08bitAddrWrite
                0x020127ac                hal_iic08bitAddrRead
                0x02012880                hal_iic016bitAddrWriteData
                0x02012928                hal_iic016bitAddrReadData
                0x020129ec                hal_iic016bitAddrWrite
                0x02012ab8                hal_iic016bitAddrRead
                0x02012b98                hal_iic1IOShare
                0x02012bc8                hal_iic1Init
                0x02012c08                hal_iic1Uninit
                0x02012c40                hal_iic18bitAddrWriteData
                0x02012cb8                hal_iic18bitAddrReadData
                0x02012d4c                hal_iic18bitAddrWrite
                0x02012de8                hal_iic18bitAddrRead
                0x02012e98                hal_iic116bitAddrWriteData
                0x02012f1c                hal_iic116bitAddrReadData
                0x02012fbc                hal_iic116bitAddrWrite
                0x02013064                hal_iic116bitAddrRead
 .text          0x02013120        0x0 ./Debug/src_hal_lcd.c.o
 .text          0x02013120      0x198 ./Debug/src_hal_md.c.o
                0x0201315c                hal_mdInit
                0x020131f0                hal_mdEnable
                0x0201323c                hal_mdCheck
                0x02013294                hal_md_reset_checktime
 .text          0x020132b8        0x0 ./Debug/src_hal_osd.c.o
 .text          0x020132b8      0xc88 ./Debug/src_hal_rtc.c.o
                0x020132e4                hal_rtcCallBackRegister
                0x02013344                hal_rtcCallBackRelease
                0x02013380                hal_rtcUninit
                0x020133bc                hal_rtcTimeGet
                0x020133d8                hal_rtcTimeGetExt
                0x0201340c                hal_rtcSecondGet
                0x0201342c                hal_rtcTime2String
                0x020136e0                hal_rtcTime2StringExt
                0x02013744                hal_rtcLeapYear
                0x02013960                hal_rtcTime
                0x02013a74                hal_rtcInit
                0x02013b9c                hal_rtcSecondSet
                0x02013bd8                hal_rtcValue
                0x02013ce8                hal_rtcTimeSet
                0x02013d88                hal_rtcAlarmSet
                0x02013e18                hal_rtcAlarmSetExt
                0x02013ebc                hal_rtcAlarmStatusGet
                0x02013ef8                hal_vddWKOEnable
                0x02013f1c                hal_vddGSENEnable
 .text          0x02013f40      0xa94 ./Debug/src_hal_sd.c.o
                0x02013fdc                hal_sdStop
                0x020141fc                hal_sdNextLBA
                0x0201421c                hal_sdInit
                0x0201467c                hal_sdUninit
                0x020146a8                hal_sdLock
                0x020146e8                hal_sdUnlock
                0x02014714                hal_sdCheck
                0x02014788                hal_sdSetCardState
                0x020147a8                hal_sdGetCardState
                0x020147c8                hal_sdGetBusWidth
                0x020147e8                hal_sdCapacity
                0x02014808                hal_sdExist
                0x02014830                hal_sdWrite
                0x020148d0                hal_speed_callback
                0x02014924                hal_sdRead
                0x020149a4                hal_sdReset
 .text          0x020149d4      0x5b4 ./Debug/src_hal_spi.c.o
                0x020149d4                hal_spiIOShare
                0x020149ec                hal_spiIOCheck
                0x02014a00                hal_spiInit
                0x02014a2c                hal_spiSendByte
                0x02014a50                hal_spiSend
                0x02014a70                hal_spiRecvByte
                0x02014a90                hal_spiRecv
                0x02014ad0                hal_spiCSConfig
                0x02014af4                hal_spiFlashReadID
                0x02014b54                hal_spiFlashWriteEnable
                0x02014b88                hal_spiFlashWait
                0x02014c0c                hal_spiFlashReadPage
                0x02014c84                hal_spiFlashRead
                0x02014d4c                hal_spiFlashWritePage
                0x02014de0                hal_spiFlashWrite
                0x02014e7c                hal_spiFlashEraseSector
                0x02014ee8                hal_spiFlashEraseBlock
                0x02014f4c                hal_spiFlashEraseChip
 .text          0x02014f88       0xd8 ./Debug/src_hal_timer.c.o
                0x02014f88                hal_timerStart
                0x02014fac                hal_timerStop
                0x02014fd0                hal_timerEnable
                0x02015008                hal_timerTickEnable
                0x02015040                hal_timerTickGet
 .text          0x02015060      0x710 ./Debug/src_hal_uart.c.o
                0x02015098                hal_uart1IRQHandler
                0x020150fc                hal_uartIOShare
                0x0201513c                hal_uartIOShareCheck
                0x02015184                hal_uartInit
                0x020151d4                hal_uart1Init
                0x0201520c                hal_uartSendData
                0x02015230                hal_uart1SendData
                0x02015254                hal_uartRXIsrRegister
                0x02015274                uart_PutChar_n
                0x020152a8                uart_PutStr
                0x020152e8                uart_Put_hex
                0x02015414                uart_Put_udec
                0x020154a8                uart_Put_dec
                0x02015550                uart_Printf
                0x02015694                uart_PrintfBuf
                0x0201572c                hal_uartPrintString
 .text          0x02015770      0x64c ./Debug/src_hal_watermark.c.o
                0x020157d8                hal_watermarkInit
                0x02015888                hal_watermarkClose
                0x02015920                hal_watermarkClear
                0x020159a0                hal_watermarkOpen
                0x02015a40                hal_watermarkColor
                0x02015a94                hal_watermarkAddr
                0x02015aac                hal_watermarkSize
                0x02015af8                hal_watermarkPosition
                0x02015b44                hal_watermarkCallbackRegister
                0x02015b8c                hal_watermarkRam
                0x02015c2c                hal_watermarkEnable
                0x02015d9c                hal_watermarkBPos_Adjust
 .text          0x02015dbc      0x3c4 ./Debug/src_hal_sys.c.o
                0x02015e04                hal_sysInit
                0x02015f20                hal_sysMemPrint
                0x02015f50                hal_sysMemMalloc
                0x02016020                hal_sysMemFree
                0x02016114                hal_sysMemRemain
 .text          0x02016180      0xe3c ./Debug/src_hal_auadc.c.o
                0x02016180                _hal_auadcCallBackEnd
                0x0201627c                _hal_auadcCallBackHalf
                0x020162d4                hal_audc_33ms_syncnt_clr
                0x02016300                hal_audc_stamp_cal
                0x0201632c                hal_audc_stamp_out
                0x02016380                hal_audc_stamp_next
                0x020163dc                hal_auadcCallBackEnd
                0x020164c8                hal_auadcInit
                0x02016520                hal_auadcMemInit
                0x020165b4                hal_auadcMemInitB
                0x02016630                hal_auadcMemUninit
                0x0201667c                hal_auadcMemUninitB
                0x020166d8                hal_auadc_cnt
                0x02016708                _hal_auadcStartForUAC
                0x020167ec                hal_auadcStartForWAV
                0x020168e8                hal_auadcStartForAVI
                0x02016a08                hal_auadcStartForAVIB
                0x02016a7c                hal_auadcBufferGet
                0x02016b58                hal_auadcBufferfree
                0x02016b84                hal_auadcBufferGetB
                0x02016c60                hal_auadcBufferfreeB
                0x02016c8c                hal_auadcStop
                0x02016cb8                hal_auadcBufferRelease
                0x02016ce0                hal_auadcBufferReleaseB
                0x02016d08                hal_auadcUACProcess
                0x02016de8                hal_adcBuffer_prefull
                0x02016e4c                hal_adcBuffer_halffull
                0x02016e64                hal_adc_volume_set
                0x02016e84                hal_adc_volume_setB
                0x02016ea4                hal_uac_send
                0x02016f08                hal_auadcStartForUAC
 .text          0x02016fbc     0x1d6c ./Debug/src_hal_mjpeg.c.o
                0x02017088                hal_mjpegStart
                0x020170b8                hal_save_frame_isr
                0x0201713c                hal_mjpeg_manual_on
                0x020172fc                hal_mjpegCallback_state
                0x02017338                hal_mjpegCallback
                0x02017540                hal_mjpeg_manual_fdown
                0x020176b4                hal_mjpeg_manual_fdown_mini
                0x02017880                hal_jA_fcnt_get
                0x020178b0                hal_mjpeg_mallocbuf
                0x020178d0                hal_mjpegSrcCSI
                0x02017a14                hal_mjpegSrcRam
                0x02017a28                hal_mjpegSrcColorBar
                0x02017ab0                hal_Cut_SDR_SrcCSI
                0x02017b84                hal_mjpegMemInit
                0x02017cd0                hal_mjpegMemUninit
                0x02017d30                hal_mjpegEncodeInit
                0x02017d90                hal_mjpegEncodeUninit
                0x02017dd4                hal_mjpegEncodeResolution
                0x02017e10                hal_mjpegEncodeResolutionImage
                0x02017e4c                hal_mjpegSizecalculate
                0x02017e7c                hal_mjpegUVCStart
                0x02018158                hal_mjpegPhotoStart
                0x02018550                hal_mjpegAVIStart
                0x020188ec                hal_mjpegRawDataGet
                0x02018904                hal_mjpegRawBuffer_prefull
                0x02018974                hal_mjpegRawBuffer_halffull
                0x020189e4                hal_mjpegRawBufferfree
                0x02018a0c                hal_mjpegRawBufferGet
                0x02018b54                hal_mjpegRawDataSet
                0x02018b7c                hal_mjpegDecodeGetResolution
                0x02018bbc                hal_mjpegDecodePicture
                0x02018bd4                hal_mjpegDecodeStatusCheck
                0x02018bf4                hal_mjpegDecodeErrorCheck
                0x02018c14                hal_mjpegDecodeMiniSize
                0x02018c2c                hal_mjpegDecodeStop
                0x02018c40                hal_mjpegDecodeReset
                0x02018c58                hal_mjpegDecodeParse
                0x02018c6c                hal_mjpegDecodeOneFrame
                0x02018c80                hal_mjpegDecodeOneFrame_Ext
                0x02018c94                hal_mjpegDecodeRestart_Ext
                0x02018ca8                hal_mjpegDecodeOneFrame_Fast
                0x02018cbc                hal_mjpegDecodeODma1Cfg
                0x02018cd0                hal_BackRecDecodeStatusCheck
                0x02018ce4                hal_curBuffer_clear
 .text          0x02018d28       0x34 ./Debug/src_hal_int.c.o
                0x02018d28                hal_intInit
 .text          0x02018d5c        0x0 ./Debug/src_hal_wdt.c.o
 .text          0x02018d5c      0x42c ./Debug/src_hal_stream.c.o
                0x02018d5c                hal_streamInit
                0x02018e54                hal_streamMalloc
                0x02018f3c                hal_streamIn_Drop
                0x02018fa0                hal_streamIn
                0x0201903c                hal_streamOut
                0x020190c8                hal_streamfree
                0x02019170                hal_stream_size
 .text          0x02019188        0x0 ./Debug/src_hal_emi.c.o
 .text          0x02019188        0x0 ./Debug/src_hal_mjpegB.c.o
 .text          0x02019188        0x0 ./Debug/src_hal_osdcmp.c.o
 .text          0x02019188        0x0 ./Debug/src_hal_rotate.c.o
 .text          0x02019188        0x0 ./Debug/src_hal_lcdframe.c.o
 .text          0x02019188     0x4358 ./Debug/isp_hal_isp.c.o
                0x02019188                isp_AWB_auto_adj
                0x020193c8                isp_isr_hal
                0x02019488                isp_stat_isr_hal
                0x020194f0                dely_ms
                0x02019524                hal_ispFrameCnt
                0x02019564                awb_manual_gain_adapt
                0x020195f8                isp_AWB_manual_adj
                0x02019644                isp_AWB_adj_cfg
                0x0201971c                isp_AE_adj_cfg
                0x0201978c                isp_LSC_adj_cfg
                0x020197f0                awb_scene_mod_set
                0x02019968                isp_contra_table_load
                0x020199f0                isp_rgbgma_table_load
                0x02019ac8                isp_gma_table_load
                0x02019ba0                isp_table_load
                0x02019bec                isp_para_config
                0x02019f78                dot_num_stat
                0x02019fcc                y_sum_stat
                0x0201a04c                find_peak
                0x0201a0fc                find_y_of_dotsum
                0x0201a18c                get_isp_adapt_val
                0x0201a1ec                get_isp_adapt_val_u8
                0x0201a244                soft_exp
                0x0201a700                hgrm_stat
                0x0201a848                isp_calculate
                0x0201a984                isp_adjust
                0x0201aef4                sensor_compensate_exp_set
                0x0201afac                isp_get_scen_light
                0x0201afcc                isp_color_on_off
                0x0201afe0                sensor_frame_rate_adapt
                0x0201b0ec                sensor_frame_rate_adapt_for_dark
                0x0201b184                isp_process
                0x0201b1e8                isp_process_check
                0x0201b258                exp_gain_separate
                0x0201b2ac                exp_br_cal
                0x0201b340                exposal_adj
                0x0201b648                isp_all_model_cfg
                0x0201b6a4                hal_ispService
                0x0201b768                hal_isp_sof_loop
                0x0201bba0                hal_commom_isr
                0x0201bce8                init_common_str
                0x0201bee8                sensor_isp_adapt
                0x0201bf8c                isp_para_init
                0x0201bfac                isp_init
                0x0201c044                hal_isp_debug_read
                0x0201c160                hal_Sensor_common_Get
                0x0201c19c                CopyToMember
                0x0201c220                hal_Sensor_common_Set
                0x0201cd2c                ygama_update
                0x0201cdb4                hal_isp_debug_write
                0x0201d264                awb_update
                0x0201d4ac                ispReadFlash
 .text          0x0201d4e0      0x584 ./Debug/dusb_hal_usb_api.c.o
                0x0201d4e0                usb_bulk_tx
                0x0201d50c                usb_bulk_rx
                0x0201d538                hal_usbdReset
                0x0201d568                usb_uvciso_kick
                0x0201d598                usb_uvciso_wait_txdown
                0x0201d5bc                usb_uaciso_kick
                0x0201d5ec                usb_uaciso_wait_txdown
                0x0201d610                uac_on
                0x0201d638                uac_off
                0x0201d658                usb_fun_reg
                0x0201d7ac                hal_usbdInit
                0x0201d7ec                hal_usbdUninit
                0x0201d81c                hal_usbdEnable
                0x0201d844                hal_usbdUVCProcess
                0x0201da10                hal_usbdProcess
                0x0201da44                hal_usbdCheck
 .text          0x0201da64      0xf94 ./Debug/dusb_hal_usb_dev_enum.c.o
                0x0201da64                usb_ep0_tx
                0x0201dae4                usbdev_stack_init
                0x0201db14                usbdev_rqu
                0x0201db3c                usbdev_reset
                0x0201db68                usb_bot_reset
                0x0201dbb4                usb_check_faddr
                0x0201dc00                usb_ep0_clrrx_pkt0
                0x0201dc3c                usb_stall_ep
                0x0201dcc8                usb_clear_ep
                0x0201dd44                usb_ep0_get_request
                0x0201dd8c                usb_ep0_transfer
                0x0201de40                usb_ep0_receive
                0x0201de98                usb_ep0_get_status
                0x0201dfa8                usb_ep0_clr_feature
                0x0201e020                usb_ep0_set_feature
                0x0201e090                usb_ep0_set_address
                0x0201e124                usb_ep0_get_configuration
                0x0201e178                usb_ep0_set_configuration
                0x0201e1f4                usb_ep0_get_interface
                0x0201e23c                uvc_ready
                0x0201e264                uac_ready
                0x0201e28c                usb_ep0_set_interface
                0x0201e3e0                usb_ep0_descriptor
                0x0201e44c                usb_ep0_get_descriptor
                0x0201e55c                usb_ep0_standard
                0x0201e5f8                usb_ep0_class_get_lun
                0x0201e63c                usb_ep0_class
                0x0201e744                usb_ep0_request
                0x0201e790                usb_ep0_hal
                0x0201e884                enum_epx_cfg
                0x0201e924                usb_dev_enum_reg
 .text          0x0201e9f8     0x1668 ./Debug/dusb_hal_usb_msc.c.o
                0x0201e9f8                msc_epx_cfg
                0x0201ea98                ScsiStallAll
                0x0201eb20                ScsiStallIn
                0x0201eb90                ScsiStallout
                0x0201ebd4                dev_online
                0x0201ec04                dev_cap
                0x0201ec30                dev_stop
                0x0201ec5c                dev_busy
                0x0201ec88                dev_free
                0x0201ecb4                mscSet_Status
                0x0201ecf0                Host_In_Data
                0x0201ed9c                mscCmd_ReadCapacity
                0x0201ee78                mscCmd_ReadFormatCapacity
                0x0201ef70                mscCmd_RequestSense
                0x0201f010                mscCmd_Inquiry
                0x0201f068                mscCmd_ModeSense6
                0x0201f0f4                mscCmd_TestUnitReady
                0x0201f180                mscCmd_StartStopUnit
                0x0201f1d0                mscCmd_PreventAllowMediumRemoval
                0x0201f210                mscCmd_Verify
                0x0201f228                cb_FIFO2mem
                0x0201f2c4                cb_mem2FIFO
                0x0201f350                cb_mem_read
                0x0201f3c8                cb_mem_write
                0x0201f448                cb_mem_rwex
                0x0201f484                mscCmd_ufmod
                0x0201f4d4                sent_csw
                0x0201f594                mscCmd_Read
                0x0201f6c4                mscCmd_Write
                0x0201f820                cbw_update
                0x0201f9b0                scsi_cmd_analysis
                0x0201fd60                get_cbw
                0x0201ff6c                rbc_rec_pkg
                0x02020000                rbc_process
 .text          0x02020060      0x3cc ./Debug/dusb_hal_usb_uac.c.o
                0x02020060                UacReceiveSetSamplingFreqCallback
                0x020200b4                uac_epx_cfg
                0x02020148                uac_unit_ctl_hal
                0x020202c0                UacHandleToStreaming
                0x02020390                uac_start
                0x020203f0                uac_stop
 .text          0x0202042c      0x878 ./Debug/dusb_hal_usb_uvc.c.o
                0x0202042c                uvc_video_probe_control_callback
                0x02020474                uvc_video_commit_control_callback
                0x020204bc                uvc_still_probe_control_callback
                0x02020504                uvc_still_commit_control_callback
                0x0202054c                uvc_unit_ctl_ex_hal
                0x0202060c                uvc_unit_ctl_hal
                0x020206cc                uvc_video_probe_control
                0x0202077c                uvc_video_commit_control
                0x0202082c                uvc_still_probe_control
                0x020208dc                uvc_still_commit_control
                0x0202098c                uvc_probe_ctl_hal
                0x02020a1c                uvc_epx_cfg
                0x02020a70                uvc_on
                0x02020ad0                uvc_off
                0x02020af4                uvc_pkg_tx
                0x02020b7c                uvc_header
                0x02020bd8                uvc_header_fill
                0x02020c84                uvc_get_tgl
 .text          0x02020ca4        0x0 ./Debug/husb_hal_usb_host_api.c.o
 .text          0x02020ca4        0x0 ./Debug/husb_hal_usb_host_enum.c.o
 .text          0x02020ca4        0x0 ./Debug/husb_hal_usb_host_tpbulk.c.o
 .text          0x02020ca4        0x0 ./Debug/husb_hal_usb_host_uvc.c.o
 .text          0x02020ca4      0x154 ./Debug/husb_hal_usensor.c.o
                0x02020ca4                usensor_actech_to_mjpBcodec
                0x02020cb8                backrec_adpt
                0x02020cd0                backrec_sensor
                0x02020ce4                backrec_sensor_stat
                0x02020cfc                usensor_actech
                0x02020d10                api_backrec_linking
                0x02020d24                api_backrec_relinking
                0x02020d38                api_backrec_status
                0x02020d50                api_astern_status
                0x02020d68                api_astern_set_status
                0x02020d7c                save_fst_reverse_mod
                0x02020d90                api_backsta_linking
                0x02020da4                usensor_detach
                0x02020db8                backrec_stop
                0x02020dcc                backrec_lowerpower
                0x02020de4                api_usensor_1S_pollmonitor
 .text          0x02020df8      0xa40 ./Debug/audio_audio_playback.c.o
                0x02020df8                audioPlaybackInit
                0x02020f20                audioPlaybackStop
                0x02020f94                audioPlaybackISR
                0x02021118                audioPlaybackUninit
                0x020211a8                audioPlaybackStart
                0x02021484                audioPlaybackPuase
                0x020214c0                audioPlaybackResume
                0x020214fc                audioPlaybackGetStatus
                0x0202151c                audioPlaybackGetTime
                0x020215f0                audioPlaybackSetVolume
                0x02021644                audioPlaybackGetVolume
                0x02021664                audioPlaybackService
 .text          0x02021838      0x528 ./Debug/audio_audio_record.c.o
                0x0202186c                audioRecordInit
                0x02021910                audioRecordUninit
                0x0202194c                audioRecordStart
                0x02021a60                audioRecordStop
                0x02021ad4                audioRecordPuase
                0x02021b04                audioRecordResume
                0x02021b34                audioRecordGetStatus
                0x02021b54                audioRecordSetStatus
                0x02021b74                audioRecordGetTime
                0x02021b9c                audioRecordError
                0x02021c04                audioRecordService
 .text          0x02021d60      0x3e4 ./Debug/audio_ring_buffer.c.o
                0x02021d60                ringBufferRead
                0x02021dec                ringBufferService
                0x02021f60                ringBufferInit
                0x02022024                ringBufferSeek
                0x020220e8                ringBufferPoint
                0x02022124                ringBufferDataSize
 .text          0x02022144        0x0 ./Debug/video_video_playback.c.o
 .text          0x02022144     0x1ad8 ./Debug/video_video_record.c.o
                0x020221d8                video_avi_write
                0x0202220c                video_avi_seek
                0x02022504                videoRecordImageWatermark
                0x020225ac                videoRecordInit
                0x02022744                videoRecordUninit
                0x020227bc                videoRecordFileStart
                0x020229b4                videoRecordFileStop
                0x02022bb8                videoRecordFileError
                0x02022c28                videoRecordStart
                0x02022e2c                videoRecordStop
                0x02022eb4                videoRecordGetTimeSec
                0x02022ef4                videoRecordError
                0x02022f7c                videoRecordRestart
                0x02022fcc                videoRecordRestart2
                0x0202301c                videoRecordPuase
                0x02023034                videoRecordResume
                0x0202304c                videoRecordGetStatus
                0x0202306c                videoRecordGetTime
                0x020230b0                videoRecordService
                0x02023938                videoRecordCmdSet
                0x02023a14                videoRecordSizePreSec
                0x02023b0c                videoRecordTakePhoto
                0x02023b50                videoRecordTakePhotoStatus
                0x02023b70                videoRecordSetPhotoStatus
                0x02023b90                pt_javgsize
                0x02023ba4                videotime_mdf
                0x02023bf4                videoRecordSetResolution
 .text          0x02023c1c        0x0 ./Debug/video_video_record_B.c.o
 .text          0x02023c1c      0x1fc ./Debug/image_image_decode.c.o
                0x02023c1c                imageDecodeInit
                0x02023c34                imageDecodeUninit
                0x02023c4c                imageDecodeStart
                0x02023df4                imageDecodeGetResolution
 .text          0x02023e18      0x518 ./Debug/image_image_encode.c.o
                0x02023e18                imageEncodeInit
                0x02023e30                imageEncodeUninit
                0x02023e48                imageEncodeGetStatus
                0x02023e68                imageEncodeSetStatus
                0x02023e88                imageEncodeStart
                0x02023fe0                GetimageEncodebuf
                0x02024154                send_1pack
                0x020241cc                send_pack
                0x02024270                send_Allpack
                0x020242d0                UartbufFree
 .text          0x02024330        0x0 ./Debug/wav_alaw.c.o
 .text          0x02024330        0x0 ./Debug/wav_imaadpcm.c.o
 .text          0x02024330      0x1e4 ./Debug/wav_pcm.c.o
                0x02024330                pcm_decode
                0x02024418                pcm_encode
 .text          0x02024514        0x0 ./Debug/wav_ulaw.c.o
 .text          0x02024514      0xc5c ./Debug/wav_wav.c.o
                0x02024568                wavEncodeInit
                0x020245e8                wavEncodeParse
                0x02024884                wavEncodeEnd
                0x02024998                wavEncodeGetBlockSize
                0x02024a10                wavEncodeOneFrame
                0x02024adc                wavEncodeAddSize
                0x02024b14                wavDecodeInit
                0x02024b5c                wavDecodeGetInfo
                0x02024b78                wavDecodeGetBlockSize
                0x02024ba8                wavDecodeGetTotalTime
                0x02024bc8                wavDecodeGetSamplerate
                0x02024be8                wavDecodeGetCurTime
                0x02024c78                wavDecodeParse
                0x0202504c                wavDecodeOneFrame
 .text          0x02025170      0x18c ./Debug/stream_stream.c.o
                0x02025170                streamSprintf
                0x020252a4                streamFont
 .text          0x020252fc      0x86c ./Debug/uartcom_uartcom.c.o
                0x020254d4                btcomCmdRsp
                0x02025684                btcomCmdFail
                0x02025744                set_Center_Ack
                0x020257fc                set_Center
                0x020258b4                get_Center
                0x020259d8                btcomInit
                0x02025a08                btcomUninit
                0x02025a30                btcomService
 .text          0x02025b68       0x3c ./Debug/uartcom_uartCrc.c.o
                0x02025b68                uartCheckSum
 .text          0x02025ba4        0x0 ./Debug/gsensor_G_gma301.c.o
 .text          0x02025ba4        0x0 ./Debug/gsensor_gsensor.c.o
 .text          0x02025ba4        0x0 ./Debug/gsensor_G_sc7a30e.c.o
 .text          0x02025ba4        0x0 ./Debug/gsensor_g_da380.c.o
 .text          0x02025ba4      0x8b4 ./Debug/cmos_sensor_cmos_sensor.c.o
                0x02025ba4                sensor_iic_enable
                0x02025bc4                sensor_iic_disable
                0x02025bd8                sensor_iic_write
                0x02025c54                sensor_iic_read
                0x02025ce4                sensor_iic_info
                0x02025d28                SensorGetName
                0x02025d5c                sensorInit
                0x02026120                uart_to_iic
                0x02026328                sensor_get_w
                0x02026358                sensor_get_h
                0x02026388                Sensor_DebugRegister
                0x020263f4                usb_cut_raw
                0x02026408                Sensor_common_Get
                0x0202641c                Sensor_common_Set
                0x02026430                isp_debug_write
                0x02026444                isp_debug_read
 .text          0x02026458        0x0 ./Debug/cmos_sensor_SENSOR_BF3a03.c.o
 .text          0x02026458        0x0 ./Debug/cmos_sensor_SENSOR_BF2013.c.o
 .text          0x02026458        0x0 ./Debug/cmos_sensor_SENSOR_BF3016.c.o
 .text          0x02026458        0x0 ./Debug/cmos_sensor_SENSOR_BF3703.c.o
 .text          0x02026458        0x0 ./Debug/cmos_sensor_SENSOR_GC0307.c.o
 .text          0x02026458        0x0 ./Debug/cmos_sensor_SENSOR_GC0308.c.o
 .text          0x02026458        0x0 ./Debug/cmos_sensor_SENSOR_GC0309.c.o
 .text          0x02026458        0x0 ./Debug/cmos_sensor_SENSOR_GC0328.c.o
 .text          0x02026458        0x0 ./Debug/cmos_sensor_SENSOR_GC1004.c.o
 .text          0x02026458        0x0 ./Debug/cmos_sensor_SENSOR_H42.c.o
 .text          0x02026458        0x0 ./Debug/cmos_sensor_SENSOR_H7640.c.o
 .text          0x02026458        0x0 ./Debug/cmos_sensor_SENSOR_HM1055.c.o
 .text          0x02026458        0x0 ./Debug/cmos_sensor_SENSOR_IT03A1.c.o
 .text          0x02026458        0x0 ./Debug/cmos_sensor_SENSOR_NT99141.c.o
 .text          0x02026458        0x0 ./Debug/cmos_sensor_SENSOR_NT99142.c.o
 .text          0x02026458        0x0 ./Debug/cmos_sensor_SENSOR_OV7670.c.o
 .text          0x02026458        0x0 ./Debug/cmos_sensor_SENSOR_OV7725.c.o
 .text          0x02026458        0x0 ./Debug/cmos_sensor_SENSOR_OV9710.c.o
 .text          0x02026458        0x0 ./Debug/cmos_sensor_SENSOR_OV9732.c.o
 .text          0x02026458        0x0 ./Debug/cmos_sensor_SENSOR_SC1045.c.o
 .text          0x02026458        0x0 ./Debug/cmos_sensor_SENSOR_SIV100B.c.o
 .text          0x02026458        0x0 ./Debug/cmos_sensor_SENSOR_SIV120B.c.o
 .text          0x02026458        0x0 ./Debug/cmos_sensor_SENSOR_SIV121DS.c.o
 .text          0x02026458        0x0 ./Debug/cmos_sensor_SENSOR_SP1409.c.o
 .text          0x02026458        0x0 ./Debug/cmos_sensor_SENSOR_H62.c.o
 .text          0x02026458        0x0 ./Debug/cmos_sensor_SENSOR_GC1034.c.o
 .text          0x02026458        0x0 ./Debug/cmos_sensor_SENSOR_OV7736.c.o
 .text          0x02026458        0x0 ./Debug/cmos_sensor_SENSOR_SP140A.c.o
 .text          0x02026458        0x0 ./Debug/cmos_sensor_SENSOR_GC1054.c.o
 .text          0x02026458        0x0 ./Debug/cmos_sensor_SENSOR_GC1064.c.o
 .text          0x02026458        0x0 ./Debug/cmos_sensor_SENSOR_H65.c.o
 .text          0x02026458        0x0 ./Debug/cmos_sensor_SENSOR_SC1243.c.o
 .text          0x02026458        0x0 ./Debug/cmos_sensor_SNESOR_FPX1002.c.o
 .text          0x02026458        0x0 ./Debug/cmos_sensor_SENSOR_H63P.c.o
 .text          0x02026458        0x0 ./Debug/cmos_sensor_SENSOR_BF20A6.c.o
 .text          0x02026458        0x0 ./Debug/tft_lcd_lcd_mcu_st7789.c.o
 .text          0x02026458        0x0 ./Debug/tft_lcd_lcd_rgb_jl_lcd.c.o
 .text          0x02026458        0x0 ./Debug/tft_lcd_lcd_rgb_st7282.c.o
 .text          0x02026458        0x0 ./Debug/tft_lcd_tft_lcd.c.o
 .text          0x02026458        0x0 ./Debug/tft_lcd_lcd_mcu_5420.c.o
 .text          0x02026458        0x0 ./Debug/tft_lcd_lcd_mcu_r61509v.c.o
 .text          0x02026458        0x0 ./Debug/tft_lcd_lcd_rgb_ili8961.c.o
 .text          0x02026458        0x0 ./Debug/tft_lcd_lcd_rgb_ili9342c.c.o
 .text          0x02026458        0x0 ./Debug/tft_lcd_lcd_mcu_ili9328.c.o
 .text          0x02026458        0x0 ./Debug/tft_lcd_lcd_mcu_hx8352b.c.o
 .text          0x02026458        0x0 ./Debug/tft_lcd_lcd_mcu_st7789v.c.o
 .text          0x02026458        0x0 ./Debug/tft_lcd_lcd_mcu_hx8352c.c.o
 .text          0x02026458        0x0 ./Debug/tft_lcd_lcd_mcu_hx8357b.c.o
 .text          0x02026458        0x0 ./Debug/tft_lcd_lcd_rgb_ili9806e.c.o
 .text          0x02026458        0x0 ./Debug/tft_lcd_lcd_rgb_ota5182.c.o
 .text          0x02026458        0x0 ./Debug/tft_lcd_lcd_rgb_st7701.c.o
 .text          0x02026458        0x0 ./Debug/tft_lcd_lcd_mcu_lgdp4532.c.o
 .text          0x02026458        0x0 ./Debug/tft_lcd_lcd_mcu_9225G.c.o
 .text          0x02026458        0x0 ./Debug/usensor_237a_1.c.o
 .text          0x02026458        0x0 ./Debug/usensor_usensor.c.o
 .text          0x02026458        0x0 ./Debug/usensor_237a_2.c.o
 .text          0x02026458      0x318 ./Debug/nvfs_nvfs.c.o
                0x02026458                nv_port_read
                0x02026478                nv_init
                0x0202659c                nv_uninit
                0x020265b4                nv_configAddr
                0x0202662c                nv_open
                0x020266c0                nv_size
                0x02026740                nv_read
 .text          0x02026770       0xe4 ./Debug/res_ascii.c.o
                0x02026770                ascii_draw_get
 .text          0x02026854        0x0 ./Debug/res_ascii_default.c.o
 .text          0x02026854       0xc0 ./Debug/res_ascii_default_draw.c.o
                0x02026854                ascii_default_get
 .text          0x02026914        0x0 ./Debug/res_ascii_num2.c.o
 .text          0x02026914       0xc0 ./Debug/res_ascii_num2_draw.c.o
                0x02026914                ascii_num2_get
 .text          0x020269d4        0x0 ./Debug/res_ascii_num3.c.o
 .text          0x020269d4       0xc0 ./Debug/res_ascii_num3_draw.c.o
                0x020269d4                ascii_num3_get
 .text          0x02026a94        0x0 ./Debug/res_ascii_num4.c.o
 .text          0x02026a94        0x0 ./Debug/res_ascii_num4_draw.c.o
 .text          0x02026a94       0xec ./Debug/res_R.c.o
                0x02026a94                R_loadResource
                0x02026aa8                R_getData
                0x02026abc                R_freeData
                0x02026ad0                R_getSize
                0x02026ae4                R_getDataAndSize
                0x02026af8                R_getTColor
                0x02026b10                R_getAsciiCharSize
                0x02026b28                R_getAsciiStringSize
                0x02026b40                R_drawAsciiChar
                0x02026b54                R_drawAsciiChar_border
                0x02026b68                R_drawAsciiString
 .text          0x02026b80      0x60c ../bwlib\libavi.a(aviEncoder.o)
                0x02026b80                aviEncodeInit
                0x02026c78                aviEncodeUninit
                0x02026d24                aviEncodeParse
                0x02026db0                aviEncodeAddIdx
                0x02026e34                aviEncodeSetIdx1
                0x02026ebc                aviEncodeFrameTag
                0x02026f28                aviEncodeAddOffset
                0x02026f80                aviEncodeGetIdx1Length
                0x02026fcc                aviEncodeGetFrameCount
                0x02027018                aviEncodeEnd
                0x02027094                aviEncodeService
                0x02027110                aviEncodeAddofs
 .text          0x0202718c      0x554 ../bwlib\libavi.a(encoder_std.o)
                0x020271d4                avi_standardAddIndex
                0x020273b4                avi_standardEnd
 .text          0x020276e0     0x1680 ../bwlib\libavi.a(encoder_odml.o)
                0x02028d08                avi_odmlAddoffset
 .text          0x02028d60      0x778 ../bwlib\libfs.a(fs.o)
                0x02028d60                fs_nodeinit
                0x02028db0                fs_mount
                0x02028e10                open
                0x02028ed8                close
                0x02028f50                read
                0x02028fc8                write
                0x02029040                lseek
                0x020290c4                fs_readsector
                0x02029144                fs_writesector
                0x020291c4                fs_getsector
                0x0202926c                fs_getclustersize
                0x02029290                fs_getcluster
                0x02029304                fs_size
                0x02029350                fs_size2
                0x0202939c                fs_free_size
                0x020293ec                fs_fastseek_init
                0x02029404                fs_merge
                0x0202941c                fs_bound
                0x02029434                fs_tell
                0x02029480                fs_sync
 .text          0x020294d8      0x250 ../bwlib\libfs.a(diskio.o)
                0x020294d8                get_fattime
                0x02029550                fs_init
                0x020295cc                disk_status
                0x0202960c                disk_initialize
                0x02029648                disk_read
                0x02029684                disk_write
                0x020296c0                disk_ioctl
 .text          0x02029728       0xd0 ../bwlib\libfs.a(link_ext.o)
                0x02029728                f_unlink_removeDir
                0x02029740                f_unlink_removeChain
                0x02029758                removeChainInit
                0x0202976c                put_removeChain
                0x02029780                removeChainCheck
                0x02029798                get_removeChain
                0x020297b0                f_unlink_ext_init
                0x020297c8                f_unlink_ext_service
                0x020297e0                f_unlink_ext
 .text          0x020297f8     0x77b0 ../bwlib\libfs.a(ff.o)
                0x0202b544                clst2sect
                0x0202d6c8                f_mount
                0x0202d778                f_open
                0x0202dc48                f_read
                0x0202df40                f_write
                0x0202e2c0                f_sync
                0x0202e540                f_close
                0x0202e58c                f_lseek
                0x0202e9f4                f_opendir
                0x0202eb24                f_closedir
                0x0202eb60                f_readdir
                0x0202ec04                f_seekdir
                0x0202eca0                f_findnext
                0x0202ed44                f_findfirst
                0x0202ed98                f_stat
                0x0202ee20                f_getfree
                0x0202f08c                f_truncate
                0x0202f208                f_unlink
                0x0202f384                f_mkdir
                0x0202f610                f_rename
                0x0202f8f0                f_chmod
                0x0202f9d8                f_utime
                0x0202fabc                f_mkfs
                0x02030f30                elm_get_vol
                0x02030f70                FEX_getlink_clust
 .text          0x02030fa8      0x2a0 ../bwlib\libfs.a(ffunicode.o)
                0x02030fa8                ff_uni2oem
                0x02031078                ff_oem2uni
                0x02031120                ff_wtoupper
 .text          0x02031248      0x708 ../bwlib\libsd.a(ax32xx_sd.o)
                0x02031248                ax32xx_sd0Init
                0x0203139c                ax32xx_sd0Uninit
                0x02031408                ax32xx_sd0SendCmd
                0x02031554                ax32xx_sd0BusSet
                0x02031598                ax32xx_sd0Recv
                0x020315ec                ax32xx_sd0Send
                0x02031624                ax32xx_sd0WaitDAT0
                0x020316b4                ax32xx_sd0WaitPend
                0x02031728                ax32xx_sd0GetRsp
                0x02031744                ax32xx_sdCRCCheck
                0x020317a4                ax32xx_sd0Buffer
                0x020317c0                ax32xx_sdSetFunc
                0x020318a4                ax32xx_sd0ClkSet
 .text          0x02031950       0xb0 C:/MinGW-4.7.1/or1k-elf/lib/no-delay\libc.a(lib_a-memcmp.o)
                0x02031950                memcmp
 .text          0x02031a00      0x158 C:/MinGW-4.7.1/or1k-elf/lib/no-delay\libc.a(lib_a-memcpy.o)
                0x02031a00                memcpy
 .text          0x02031b58      0x15c C:/MinGW-4.7.1/or1k-elf/lib/no-delay\libc.a(lib_a-memset.o)
                0x02031b58                memset
 .text          0x02031cb4       0xb8 C:/MinGW-4.7.1/or1k-elf/lib/no-delay\libc.a(lib_a-strcat.o)
                0x02031cb4                strcat
 .text          0x02031d6c      0x1fc C:/MinGW-4.7.1/or1k-elf/lib/no-delay\libc.a(lib_a-strchr.o)
                0x02031d6c                strchr
 .text          0x02031f68      0x104 C:/MinGW-4.7.1/or1k-elf/lib/no-delay\libc.a(lib_a-strcmp.o)
                0x02031f68                strcmp
 .text          0x0203206c       0xc0 C:/MinGW-4.7.1/or1k-elf/lib/no-delay\libc.a(lib_a-strcpy.o)
                0x0203206c                strcpy
 .text          0x0203212c       0xe4 C:/MinGW-4.7.1/or1k-elf/lib/no-delay\libc.a(lib_a-strlen.o)
                0x0203212c                strlen
 .text          0x02032210      0x178 C:/MinGW-4.7.1/or1k-elf/lib/no-delay\libc.a(lib_a-strncmp.o)
                0x02032210                strncmp
 .text          0x02032388      0x7d0 C:/MinGW-4.7.1/lib/gcc/or1k-elf/4.9.1/no-delay\libgcc.a(_udivdi3.o)
                0x02032388                __udivdi3
 .text          0x02032b58       0xf4 C:/MinGW-4.7.1/lib/gcc/or1k-elf/4.9.1/no-delay\libgcc.a(__udivsi3.o)
                0x02032b58                __udivsi3
                0x02032b58                __udivsi3_internal
 .text          0x02032c4c       0x1c C:/MinGW-4.7.1/lib/gcc/or1k-elf/4.9.1/no-delay\libgcc.a(__umodsi3.o)
                0x02032c4c                __umodsi3
 .text          0x02032c68        0x0 C:/MinGW-4.7.1/lib/gcc/or1k-elf/4.9.1/no-delay\libgcc.a(_clz.o)
 *(.rodata*)
 .rodata.str1.1
                0x02032c68      0x1f0 ./Debug/main.c.o
                                0x1f2 (size before relaxing)
 .rodata.str1.1
                0x02032e58      0x198 ./Debug/resource_manager.c.o
 .rodata.cst4   0x02032ff0        0x4 ./Debug/resource_manager.c.o
 .rodata.str1.1
                0x02032ff4       0x75 ./Debug/task_audio_playback.c.o
 .rodata.str1.1
                0x02033069       0xfe ./Debug/task_audio_record.c.o
                                0x10a (size before relaxing)
 .rodata.str1.1
                0x02033167      0x22c ./Debug/task_deamon.c.o
                                0x241 (size before relaxing)
 .rodata.str1.1
                0x02033393      0x160 ./Debug/task_image_encode.c.o
                                0x16c (size before relaxing)
 .rodata.str1.1
                0x020334f3       0x1c ./Debug/task_main.c.o
 *fill*         0x0203350f        0x1 
 .rodata        0x02033510       0x24 ./Debug/task_main.c.o
 .rodata.str1.1
                0x02033534       0x4c ./Debug/task_usb.c.o
 .rodata.str1.1
                0x02033580      0x1cc ./Debug/task_video_record.c.o
                                0x225 (size before relaxing)
 .rodata.str1.1
                0x0203374c      0x101 ./Debug/upgrade.c.o
                                0x10d (size before relaxing)
 .rodata.str1.1
                0x0203384d       0xa3 ./Debug/board.c.o
 .rodata.str1.1
                0x020338f0       0x2d ./Debug/board_bwv1.c.o
 *fill*         0x0203391d        0x3 
 .rodata        0x02033920       0xb8 ./Debug/board_bwv1.c.o
                0x02033920                board_bwv1
 .rodata.str1.1
                0x020339d8       0x6c ./Debug/config.c.o
 .rodata        0x02033a44       0xa8 ./Debug/src_ax32xx_int.c.o
 .rodata        0x02033aec       0x18 ./Debug/src_ax32xx_sys.c.o
 .rodata.str1.1
                0x02033b04       0x3f ./Debug/src_ax32xx_sys.c.o
 *fill*         0x02033b43        0x1 
 .rodata        0x02033b44       0x60 ./Debug/src_ax32xx_dma.c.o
                0x02033b44                default_cfg
 .rodata        0x02033ba4       0x4c ./Debug/src_ax32xx_gpio.c.o
 .rodata.str1.1
                0x02033bf0       0x13 ./Debug/src_ax32xx_rtc.c.o
 *fill*         0x02033c03        0x1 
 .rodata        0x02033c04       0x4c ./Debug/src_ax32xx_dac.c.o
                0x02033c04                gain
                0x02033c18                eq_coeff
 .rodata        0x02033c50      0x150 ./Debug/src_ax32xx_isp.c.o
                0x02033cb4                GAOS3X3_TAB
                0x02033cd8                GAOS5X5_TAB
                0x02033d3c                LOG_TAB
 .rodata        0x02033da0      0x9c0 ./Debug/src_jpeg_table.c.o
 .rodata        0x02034760       0x30 ./Debug/src_ax32xx_usb.c.o
                0x02034760                ExRADR
                0x02034778                ExTADR
 .rodata.str1.1
                0x02034790      0x2f2 ./Debug/mjpeg_ax32xx_mjpeg.c.o
 *fill*         0x02034a82        0x2 
 .rodata        0x02034a84      0x1b4 ./Debug/mjpeg_ax32xx_mjpeg.c.o
                0x02034a98                bicCtab
                0x02034ab8                c_table_chroma
                0x02034af8                belta_table_chroma
                0x02034b38                alpha_table_chroma
                0x02034b78                c_table_luma
                0x02034bb8                belta_table_luma
                0x02034bf8                alpha_table_luma
 .rodata        0x02034c38       0x2c ./Debug/src_hal_dac.c.o
 .rodata.str1.1
                0x02034c64        0xa ./Debug/src_hal_rtc.c.o
 *fill*         0x02034c6e        0x2 
 .rodata        0x02034c70        0xc ./Debug/src_hal_rtc.c.o
 .rodata.str1.1
                0x02034c7c       0x25 ./Debug/src_hal_sd.c.o
 .rodata.str1.1
                0x02034ca1       0x8e ./Debug/src_hal_mjpeg.c.o
 *fill*         0x02034d2f        0x1 
 .rodata        0x02034d30        0xc ./Debug/src_hal_mjpeg.c.o
 *fill*         0x02034d3c        0x4 
 .rodata        0x02034d40      0x480 ./Debug/isp_hal_isp.c.o
                0x020350a0                Ratio_of_Evstep
 .rodata        0x020351c0      0x4e8 ./Debug/dusb_hal_usb_dev_enum.c.o
                0x02035204                DEV_QAULIFIER_DESC_DATA
                0x02035210                UsbStrDescSerialNumber
                0x02035230                UsbStrDescProduct_0
                0x02035250                UsbStrDescProduct_1
                0x02035270                UsbStrDescManufacturer
                0x02035280                UsbLanguageID
                0x02035284                TYPE_COMB_CONFIG
                0x02035474                uvc_cfg
                0x0203564c                msc_cfg
                0x0203566c                TYPE_COMB_DEVICE
                0x02035680                uvc_dev
                0x02035694                msc_dev
 .rodata.str1.1
                0x020356a8       0x19 ./Debug/dusb_hal_usb_msc.c.o
 *fill*         0x020356c1        0x3 
 .rodata        0x020356c4       0x30 ./Debug/dusb_hal_usb_msc.c.o
                0x020356c4                MscSenseCode
                0x020356d0                device_inquiry_data
 .rodata        0x020356f4        0x8 ./Debug/dusb_hal_usb_uac.c.o
                0x020356f4                UacVolCtrlSettings_def
 .rodata        0x020356fc      0xcbc ./Debug/dusb_hal_usb_uvc.c.o
                0x020356fc                probe
                0x02035724                pu_rqu_ex
                0x020358c8                pu_rqu
 .rodata.str1.1
                0x020363b8      0x159 ./Debug/audio_audio_playback.c.o
 .rodata.str1.1